#Timing report of worst 12 path(s)
# Unit scale: 1e-09 seconds
# Output precision: 3

#Path 1
Startpoint: IN[9].inpad[0] (.input at (4,1) clocked by clk)
Endpoint  : out:OUT[127].outpad[0] (.output at (4,4) clocked by clk)
Path Type : setup

Point                                                             Incr      Path
--------------------------------------------------------------------------------
clock clk (rise edge)                                            0.000     0.000
clock source latency                                             0.000     0.000
input external delay                                             0.200     0.200
IN[9].inpad[0] (.input at (4,1))                                 0.000     0.200
| (intra 'insite' routing)                                       0.151     0.351
| (inter-block routing)                                          2.574     2.925
| (intra 'custdivsite' routing)                                  0.000     2.925
cdiv.I1[1] (custdiv at (3,4))                                    0.000     2.925
| (primitive 'custdiv' combinational delay)                      1.500     4.425
cdiv.Q[7] (custdiv at (3,4))                                     0.000     4.425
| (intra 'custdivsite' routing)                                  0.000     4.425
| (inter-block routing)                                          2.934     7.359
| (intra 'outsite' routing)                                      0.151     7.510
out:OUT[127].outpad[0] (.output at (4,4))                        0.000     7.510
data arrival time                                                          7.510

clock clk (rise edge)                                            0.500     0.500
clock source latency                                             0.000     0.500
clock uncertainty                                                0.000     0.500
output external delay                                           -0.200     0.300
data required time                                                         0.300
--------------------------------------------------------------------------------
data required time                                                         0.300
data arrival time                                                         -7.510
--------------------------------------------------------------------------------
slack (VIOLATED)                                                          -7.210


#Path 2
Startpoint: IN[9].inpad[0] (.input at (4,1) clocked by clk)
Endpoint  : out:OUT[126].outpad[0] (.output at (4,4) clocked by clk)
Path Type : setup

Point                                                             Incr      Path
--------------------------------------------------------------------------------
clock clk (rise edge)                                            0.000     0.000
clock source latency                                             0.000     0.000
input external delay                                             0.200     0.200
IN[9].inpad[0] (.input at (4,1))                                 0.000     0.200
| (intra 'insite' routing)                                       0.151     0.351
| (inter-block routing)                                          2.574     2.925
| (intra 'custdivsite' routing)                                  0.000     2.925
cdiv.I1[1] (custdiv at (3,4))                                    0.000     2.925
| (primitive 'custdiv' combinational delay)                      1.500     4.425
cdiv.Q[6] (custdiv at (3,4))                                     0.000     4.425
| (intra 'custdivsite' routing)                                  0.000     4.425
| (inter-block routing)                                          2.363     6.788
| (intra 'outsite' routing)                                      0.151     6.939
out:OUT[126].outpad[0] (.output at (4,4))                       -0.000     6.939
data arrival time                                                          6.939

clock clk (rise edge)                                            0.500     0.500
clock source latency                                             0.000     0.500
clock uncertainty                                                0.000     0.500
output external delay                                           -0.200     0.300
data required time                                                         0.300
--------------------------------------------------------------------------------
data required time                                                         0.300
data arrival time                                                         -6.939
--------------------------------------------------------------------------------
slack (VIOLATED)                                                          -6.639


#Path 3
Startpoint: IN[9].inpad[0] (.input at (4,1) clocked by clk)
Endpoint  : out:OUT[120].outpad[0] (.output at (4,4) clocked by clk)
Path Type : setup

Point                                                             Incr      Path
--------------------------------------------------------------------------------
clock clk (rise edge)                                            0.000     0.000
clock source latency                                             0.000     0.000
input external delay                                             0.200     0.200
IN[9].inpad[0] (.input at (4,1))                                 0.000     0.200
| (intra 'insite' routing)                                       0.151     0.351
| (inter-block routing)                                          2.574     2.925
| (intra 'custdivsite' routing)                                  0.000     2.925
cdiv.I1[1] (custdiv at (3,4))                                    0.000     2.925
| (primitive 'custdiv' combinational delay)                      1.500     4.425
cdiv.Q[0] (custdiv at (3,4))                                     0.000     4.425
| (intra 'custdivsite' routing)                                  0.000     4.425
| (inter-block routing)                                          1.913     6.337
| (intra 'outsite' routing)                                      0.151     6.488
out:OUT[120].outpad[0] (.output at (4,4))                       -0.000     6.488
data arrival time                                                          6.488

clock clk (rise edge)                                            0.500     0.500
clock source latency                                             0.000     0.500
clock uncertainty                                                0.000     0.500
output external delay                                           -0.200     0.300
data required time                                                         0.300
--------------------------------------------------------------------------------
data required time                                                         0.300
data arrival time                                                         -6.488
--------------------------------------------------------------------------------
slack (VIOLATED)                                                          -6.188


#Path 4
Startpoint: IN[9].inpad[0] (.input at (4,1) clocked by clk)
Endpoint  : out:OUT[122].outpad[0] (.output at (4,4) clocked by clk)
Path Type : setup

Point                                                             Incr      Path
--------------------------------------------------------------------------------
clock clk (rise edge)                                            0.000     0.000
clock source latency                                             0.000     0.000
input external delay                                             0.200     0.200
IN[9].inpad[0] (.input at (4,1))                                 0.000     0.200
| (intra 'insite' routing)                                       0.151     0.351
| (inter-block routing)                                          2.574     2.925
| (intra 'custdivsite' routing)                                  0.000     2.925
cdiv.I1[1] (custdiv at (3,4))                                    0.000     2.925
| (primitive 'custdiv' combinational delay)                      1.500     4.425
cdiv.Q[2] (custdiv at (3,4))                                     0.000     4.425
| (intra 'custdivsite' routing)                                  0.000     4.425
| (inter-block routing)                                          1.913     6.337
| (intra 'outsite' routing)                                      0.151     6.488
out:OUT[122].outpad[0] (.output at (4,4))                       -0.000     6.488
data arrival time                                                          6.488

clock clk (rise edge)                                            0.500     0.500
clock source latency                                             0.000     0.500
clock uncertainty                                                0.000     0.500
output external delay                                           -0.200     0.300
data required time                                                         0.300
--------------------------------------------------------------------------------
data required time                                                         0.300
data arrival time                                                         -6.488
--------------------------------------------------------------------------------
slack (VIOLATED)                                                          -6.188


#Path 5
Startpoint: IN[9].inpad[0] (.input at (4,1) clocked by clk)
Endpoint  : out:OUT[125].outpad[0] (.output at (4,4) clocked by clk)
Path Type : setup

Point                                                             Incr      Path
--------------------------------------------------------------------------------
clock clk (rise edge)                                            0.000     0.000
clock source latency                                             0.000     0.000
input external delay                                             0.200     0.200
IN[9].inpad[0] (.input at (4,1))                                 0.000     0.200
| (intra 'insite' routing)                                       0.151     0.351
| (inter-block routing)                                          2.574     2.925
| (intra 'custdivsite' routing)                                  0.000     2.925
cdiv.I1[1] (custdiv at (3,4))                                    0.000     2.925
| (primitive 'custdiv' combinational delay)                      1.500     4.425
cdiv.Q[5] (custdiv at (3,4))                                     0.000     4.425
| (intra 'custdivsite' routing)                                  0.000     4.425
| (inter-block routing)                                          1.372     5.797
| (intra 'outsite' routing)                                      0.151     5.948
out:OUT[125].outpad[0] (.output at (4,4))                        0.000     5.948
data arrival time                                                          5.948

clock clk (rise edge)                                            0.500     0.500
clock source latency                                             0.000     0.500
clock uncertainty                                                0.000     0.500
output external delay                                           -0.200     0.300
data required time                                                         0.300
--------------------------------------------------------------------------------
data required time                                                         0.300
data arrival time                                                         -5.948
--------------------------------------------------------------------------------
slack (VIOLATED)                                                          -5.648


#Path 6
Startpoint: IN[9].inpad[0] (.input at (4,1) clocked by clk)
Endpoint  : out:OUT[124].outpad[0] (.output at (4,4) clocked by clk)
Path Type : setup

Point                                                             Incr      Path
--------------------------------------------------------------------------------
clock clk (rise edge)                                            0.000     0.000
clock source latency                                             0.000     0.000
input external delay                                             0.200     0.200
IN[9].inpad[0] (.input at (4,1))                                 0.000     0.200
| (intra 'insite' routing)                                       0.151     0.351
| (inter-block routing)                                          2.574     2.925
| (intra 'custdivsite' routing)                                  0.000     2.925
cdiv.I1[1] (custdiv at (3,4))                                    0.000     2.925
| (primitive 'custdiv' combinational delay)                      1.500     4.425
cdiv.Q[4] (custdiv at (3,4))                                     0.000     4.425
| (intra 'custdivsite' routing)                                  0.000     4.425
| (inter-block routing)                                          1.312     5.737
| (intra 'outsite' routing)                                      0.151     5.888
out:OUT[124].outpad[0] (.output at (4,4))                        0.000     5.888
data arrival time                                                          5.888

clock clk (rise edge)                                            0.500     0.500
clock source latency                                             0.000     0.500
clock uncertainty                                                0.000     0.500
output external delay                                           -0.200     0.300
data required time                                                         0.300
--------------------------------------------------------------------------------
data required time                                                         0.300
data arrival time                                                         -5.888
--------------------------------------------------------------------------------
slack (VIOLATED)                                                          -5.588


#Path 7
Startpoint: IN[9].inpad[0] (.input at (4,1) clocked by clk)
Endpoint  : out:OUT[121].outpad[0] (.output at (4,4) clocked by clk)
Path Type : setup

Point                                                             Incr      Path
--------------------------------------------------------------------------------
clock clk (rise edge)                                            0.000     0.000
clock source latency                                             0.000     0.000
input external delay                                             0.200     0.200
IN[9].inpad[0] (.input at (4,1))                                 0.000     0.200
| (intra 'insite' routing)                                       0.151     0.351
| (inter-block routing)                                          2.574     2.925
| (intra 'custdivsite' routing)                                  0.000     2.925
cdiv.I1[1] (custdiv at (3,4))                                    0.000     2.925
| (primitive 'custdiv' combinational delay)                      1.500     4.425
cdiv.Q[1] (custdiv at (3,4))                                     0.000     4.425
| (intra 'custdivsite' routing)                                  0.000     4.425
| (inter-block routing)                                          0.921     5.346
| (intra 'outsite' routing)                                      0.151     5.497
out:OUT[121].outpad[0] (.output at (4,4))                        0.000     5.497
data arrival time                                                          5.497

clock clk (rise edge)                                            0.500     0.500
clock source latency                                             0.000     0.500
clock uncertainty                                                0.000     0.500
output external delay                                           -0.200     0.300
data required time                                                         0.300
--------------------------------------------------------------------------------
data required time                                                         0.300
data arrival time                                                         -5.497
--------------------------------------------------------------------------------
slack (VIOLATED)                                                          -5.197


#Path 8
Startpoint: IN[9].inpad[0] (.input at (4,1) clocked by clk)
Endpoint  : out:OUT[123].outpad[0] (.output at (4,4) clocked by clk)
Path Type : setup

Point                                                             Incr      Path
--------------------------------------------------------------------------------
clock clk (rise edge)                                            0.000     0.000
clock source latency                                             0.000     0.000
input external delay                                             0.200     0.200
IN[9].inpad[0] (.input at (4,1))                                 0.000     0.200
| (intra 'insite' routing)                                       0.151     0.351
| (inter-block routing)                                          2.574     2.925
| (intra 'custdivsite' routing)                                  0.000     2.925
cdiv.I1[1] (custdiv at (3,4))                                    0.000     2.925
| (primitive 'custdiv' combinational delay)                      1.500     4.425
cdiv.Q[3] (custdiv at (3,4))                                     0.000     4.425
| (intra 'custdivsite' routing)                                  0.000     4.425
| (inter-block routing)                                          0.921     5.346
| (intra 'outsite' routing)                                      0.151     5.497
out:OUT[123].outpad[0] (.output at (4,4))                        0.000     5.497
data arrival time                                                          5.497

clock clk (rise edge)                                            0.500     0.500
clock source latency                                             0.000     0.500
clock uncertainty                                                0.000     0.500
output external delay                                           -0.200     0.300
data required time                                                         0.300
--------------------------------------------------------------------------------
data required time                                                         0.300
data arrival time                                                         -5.497
--------------------------------------------------------------------------------
slack (VIOLATED)                                                          -5.197


#Path 9
Startpoint: R0.Q[0] (.latch at (3,1) clocked by clk)
Endpoint  : out:OUT[1].outpad[0] (.output at (4,1) clocked by clk)
Path Type : setup

Point                                                             Incr      Path
--------------------------------------------------------------------------------
clock clk (rise edge)                                            0.000     0.000
clock source latency                                             0.000     0.000
clk.inpad[0] (.input at (4,1))                                   0.000     0.000
| (intra 'insite' routing)                                       0.151     0.151
| (inter-block routing)                                          0.000     0.151
| (intra 'clbsite' routing)                                      0.000     0.151
R0.clk[0] (.latch at (3,1))                                      0.000     0.151
| (primitive '.latch' Tcq_max)                                   0.080     0.231
R0.Q[0] (.latch at (3,1)) [clock-to-output]                      0.000     0.231
| (intra 'clbsite' routing)                                      0.105     0.336
| (inter-block routing)                                          2.544     2.880
| (intra 'outsite' routing)                                      0.151     3.031
out:OUT[1].outpad[0] (.output at (4,1))                          0.000     3.031
data arrival time                                                          3.031

clock clk (rise edge)                                            0.500     0.500
clock source latency                                             0.000     0.500
clock uncertainty                                                0.000     0.500
output external delay                                           -0.200     0.300
data required time                                                         0.300
--------------------------------------------------------------------------------
data required time                                                         0.300
data arrival time                                                         -3.031
--------------------------------------------------------------------------------
slack (VIOLATED)                                                          -2.731


#Path 10
Startpoint: IN[0].inpad[0] (.input at (4,1) clocked by clk)
Endpoint  : R0_1.D[0] (.latch at (3,1) clocked by clk)
Path Type : setup

Point                                                             Incr      Path
--------------------------------------------------------------------------------
clock clk (rise edge)                                            0.000     0.000
clock source latency                                             0.000     0.000
input external delay                                             0.200     0.200
IN[0].inpad[0] (.input at (4,1))                                 0.000     0.200
| (intra 'insite' routing)                                       0.151     0.351
| (inter-block routing)                                          1.913     2.264
| (intra 'clbsite' routing)                                      0.155     2.419
R0_1.D[0] (.latch at (3,1))                                      0.000     2.419
data arrival time                                                          2.419

clock clk (rise edge)                                            0.500     0.500
clock source latency                                             0.000     0.500
clk.inpad[0] (.input at (4,1))                                   0.000     0.500
| (intra 'insite' routing)                                       0.151     0.651
| (inter-block routing)                                          0.000     0.651
| (intra 'clbsite' routing)                                      0.000     0.651
R0_1.clk[0] (.latch at (3,1))                                    0.000     0.651
clock uncertainty                                                0.000     0.651
cell setup time                                                 -0.060     0.591
data required time                                                         0.591
--------------------------------------------------------------------------------
data required time                                                         0.591
data arrival time                                                         -2.419
--------------------------------------------------------------------------------
slack (VIOLATED)                                                          -1.828


#Path 11
Startpoint: R0_1.Q[0] (.latch at (3,1) clocked by clk)
Endpoint  : R0.D[0] (.latch at (3,1) clocked by clk)
Path Type : setup

Point                                                             Incr      Path
--------------------------------------------------------------------------------
clock clk (rise edge)                                            0.000     0.000
clock source latency                                             0.000     0.000
clk.inpad[0] (.input at (4,1))                                   0.000     0.000
| (intra 'insite' routing)                                       0.151     0.151
| (inter-block routing)                                          0.000     0.151
| (intra 'clbsite' routing)                                      0.000     0.151
R0_1.clk[0] (.latch at (3,1))                                    0.000     0.151
| (primitive '.latch' Tcq_max)                                   0.080     0.231
R0_1.Q[0] (.latch at (3,1)) [clock-to-output]                    0.000     0.231
| (intra 'clbsite' routing)                                      0.105     0.336
| (inter-block routing)                                          1.763     2.099
| (intra 'clbsite' routing)                                      0.155     2.254
R0.D[0] (.latch at (3,1))                                        0.000     2.254
data arrival time                                                          2.254

clock clk (rise edge)                                            0.500     0.500
clock source latency                                             0.000     0.500
clk.inpad[0] (.input at (4,1))                                   0.000     0.500
| (intra 'insite' routing)                                       0.151     0.651
| (inter-block routing)                                          0.000     0.651
| (intra 'clbsite' routing)                                      0.000     0.651
R0.clk[0] (.latch at (3,1))                                      0.000     0.651
clock uncertainty                                                0.000     0.651
cell setup time                                                 -0.060     0.591
data required time                                                         0.591
--------------------------------------------------------------------------------
data required time                                                         0.591
data arrival time                                                         -2.254
--------------------------------------------------------------------------------
slack (VIOLATED)                                                          -1.663


#Path 12
Startpoint: R0_1.Q[0] (.latch at (3,1) clocked by clk)
Endpoint  : out:OUT[0].outpad[0] (.output at (4,1) clocked by clk)
Path Type : setup

Point                                                             Incr      Path
--------------------------------------------------------------------------------
clock clk (rise edge)                                            0.000     0.000
clock source latency                                             0.000     0.000
clk.inpad[0] (.input at (4,1))                                   0.000     0.000
| (intra 'insite' routing)                                       0.151     0.151
| (inter-block routing)                                          0.000     0.151
| (intra 'clbsite' routing)                                      0.000     0.151
R0_1.clk[0] (.latch at (3,1))                                    0.000     0.151
| (primitive '.latch' Tcq_max)                                   0.080     0.231
R0_1.Q[0] (.latch at (3,1)) [clock-to-output]                    0.000     0.231
| (intra 'clbsite' routing)                                      0.105     0.336
| (inter-block routing)                                          1.101     1.438
| (intra 'outsite' routing)                                      0.151     1.589
out:OUT[0].outpad[0] (.output at (4,1))                          0.000     1.589
data arrival time                                                          1.589

clock clk (rise edge)                                            0.500     0.500
clock source latency                                             0.000     0.500
clock uncertainty                                                0.000     0.500
output external delay                                           -0.200     0.300
data required time                                                         0.300
--------------------------------------------------------------------------------
data required time                                                         0.300
data arrival time                                                         -1.589
--------------------------------------------------------------------------------
slack (VIOLATED)                                                          -1.289


#End of timing report
